// Jest Snapshot v1, https://goo.gl/fbAQLP

exports[`brick wrapper should work 1`] = `
<LegacyErrorBoundary
  i18n={
    Object {
      "language": "zh-CN",
    }
  }
  t={[Function]}
>
  <ContextProvider
    value={Object {}}
  >
    <ConfigProvider
      autoInsertSpaceInButton={false}
      locale="zh_CN"
      renderEmpty={[Function]}
    >
      <div>
        hello, brick-wrapper
      </div>
    </ConfigProvider>
  </ContextProvider>
</LegacyErrorBoundary>
`;
