// Jest Snapshot v1, https://goo.gl/fbAQLP

exports[`feast access before initialized should throw 1`] = `"Cannot access 'b' before initialization"`;

exports[`feast assign \`for const ... of\` should throw 1`] = `"Assignment to constant variable"`;

exports[`feast assign \`for const ...\` should throw 1`] = `"Assignment to constant variable"`;

exports[`feast assign constants should throw 1`] = `"Assignment to constant variable"`;

exports[`feast assign function expressions should throw 1`] = `"Assignment to constant variable"`;

exports[`feast assign global functions should throw 1`] = `"Assignment to constant variable"`;

exports[`feast assign member of nil should throw 1`] = `"Cannot set property 'b' of undefined"`;

exports[`feast async functions should throw 1`] = `"Async function is not allowed, but received: \`async function test(){}\`"`;

exports[`feast bitwise and assignment should throw 1`] = `"Unsupported assignment operator \`&=\`"`;

exports[`feast generator functions should throw 1`] = `"Generator function is not allowed, but received: \`function* test(){}\`"`;

exports[`feast labeled statement should throw 1`] = `
"Unsupported node type \`LabeledStatement\`: \`loop:
          for (let i = 0; i < 1; i++) {}\`"
`;

exports[`feast try without catch should throw 1`] = `"a is not a function"`;
