// Jest Snapshot v1, https://goo.gl/fbAQLP

exports[`loadService should work 1`] = `
Array [
  Array [
    "dist/src/api/cd/package/autoDiscovery.ts",
    "import { http, HttpOptions } from \\"@next-core/brick-http\\";

/** 请求体 */
export type PackageApi_AutoDiscoveryRequestBody =
  PackageApi_AutoDiscoveryRequestBody_item[];

export interface PackageApi_AutoDiscoveryResponseBody {
  /** 返回码 */
  code: number;

  /** 错误信息 */
  error: string;

  /** 返回消息 */
  message: string;
}

/**
 * @description 实例自动发现的接口
 * @endpoint POST /object/:objectId/instance/_import-json
 */
export const PackageApi_autoDiscovery = (
  objectId: string | number,
  data: PackageApi_AutoDiscoveryRequestBody,
  options?: HttpOptions
): Promise<PackageApi_AutoDiscoveryResponseBody> =>
  /**! @contract easyops.api.cd.package.AutoDiscovery */ http.post<PackageApi_AutoDiscoveryResponseBody>(
    \`api/gateway/cd.package.AutoDiscovery/object/\${objectId}/instance/_import-json\`,
    data,
    options
  );

export interface PackageApi_AutoDiscoveryRequestBody_item {
  /** 筛选器 */
  filter?: Record<string, any>;

  /** 更新数据 */
  update?: Record<string, any>;

  /** 存在即更新 */
  upsert?: boolean;
}
",
  ],
  Array [
    "dist/src/api/cd/package/create.ts",
    "import { http, HttpOptions } from \\"@next-core/brick-http\\";
import { ModelPackage } from \\"../../../model/cd\\";

export interface PackageApi_CreateRequestBody {
  /** 包名称 */
  name: string;

  /** 版本类型 1 开发, 3 测试, 7 预发布, 15 生产 */
  type: 1 | 3 | 7 | 15;

  /** 包分类 */
  cId: 1;

  /** 备注说明 */
  memo: string;

  /** 安装路径 */
  installPath: string;

  /** 平台 */
  platform: \\"linux\\" | \\"windows\\" | \\"others\\";

  /** 包文件源 */
  source?: string;

  /** 包分类标签 */
  category?: string;

  /** 包图标 */
  icon?: string;

  /** 包图标样式(颜色) */
  style?: string;
}

export type PackageApi_CreateResponseBody = Partial<ModelPackage> &
  ModelPackage_partial;

/**
 * @description 创建包
 * @endpoint POST /package
 */
export const PackageApi_create = (
  data: PackageApi_CreateRequestBody,
  options?: HttpOptions
): Promise<PackageApi_CreateResponseBody> =>
  /**! @contract easyops.api.cd.package.Create */ http.post<PackageApi_CreateResponseBody>(
    \\"api/gateway/cd.package.Create/package\\",
    data,
    options
  );

export interface ModelPackage_partial {
  /** 包Id */
  packageId: string;

  /** 包名称 */
  name: string;

  /** 版本类型 1 开发, 3 测试, 7 预发布, 15 生产 */
  type: 1 | 3 | 7 | 15;

  /** 包分类 */
  cId: 1;

  /** 备注说明 */
  memo: string;

  /** 安装路径 */
  installPath: string;

  /** 平台 */
  platform: \\"linux\\" | \\"windows\\" | \\"others\\";

  /** 包文件源 */
  source: string;

  /** 包分类标签 */
  category: string;

  /** 包图标 */
  icon: string;

  /** 包图标样式(颜色) */
  style: string;
}
",
  ],
  Array [
    "dist/src/api/cd/package/get.ts",
    "import { http, HttpOptions } from \\"@next-core/brick-http\\";
import { ModelPackageWithVersion } from \\"../../../model/cd\\";
import { ResponseBodyWrapper } from \\"../../../wrapper\\";

export interface PackageApi_GetRequestParams {
  /** 包Id */
  packageId?: string;

  /** 版本Id */
  versionId?: string;

  /** 语言 */
  lang?: string;
}

export interface PackageApi_GetResponseBody {
  /** 最新版本信息 */
  lastVersionInfo?: ModelPackageWithVersion[\\"lastVersionInfo\\"];

  /** MAP */
  mapField?: Record<string, any>;

  /** MAPS */
  mapsField?: Record<string, any>[];
}

/**
 * @description 获取包
 * @endpoint GET /packages/pkg
 */
export const PackageApi_get = async (
  params: PackageApi_GetRequestParams,
  options?: HttpOptions
): Promise<PackageApi_GetResponseBody> =>
  /**! @contract easyops.api.cd.package.Get */ (
    await http.get<ResponseBodyWrapper<PackageApi_GetResponseBody>>(
      \\"api/gateway/cd.package.Get/packages/pkg\\",
      { ...options, params }
    )
  ).data;
",
  ],
  Array [
    "dist/src/api/cd/package/listNameService.ts",
    "import { http, HttpOptions } from \\"@next-core/brick-http\\";

export interface PackageApi_ListNameServiceRequestParams {
  /** page */
  page?: number;

  /** page_size, 最大1000 */
  page_size?: number;
}

export interface PackageApi_ListNameServiceResponseBody {
  /** 返回码 */
  code?: number;

  /** 消息 */
  msg?: string;

  /** 页码 */
  page?: number;

  /** 分页大小 */
  page_size?: number;

  /** 总数 */
  total?: number;

  /** 名字服务列表 */
  data?: PackageApi_ListNameServiceResponseBody_data_item[];
}

/**
 * @description 获取全量名字服务列表
 * @endpoint GET /api/v1/name_service/config
 */
export const PackageApi_listNameService = (
  params: PackageApi_ListNameServiceRequestParams,
  options?: HttpOptions
): Promise<PackageApi_ListNameServiceResponseBody> =>
  /**! @contract easyops.api.cd.package.ListNameService */ http.get<PackageApi_ListNameServiceResponseBody>(
    \\"api/gateway/cd.package.ListNameService/api/v1/name_service/config\\",
    { ...options, params }
  );

export interface PackageApi_ListNameServiceResponseBody_data_item {
  /** 服务名 */
  service_name?: string;

  /** host列表 */
  hosts?: PackageApi_ListNameServiceResponseBody_data_item_hosts_item[];

  /** 创建时间 */
  ctime?: number;

  /** 修改时间 */
  mtime?: number;
}

export interface PackageApi_ListNameServiceResponseBody_data_item_hosts_item {
  /** ip */
  ip?: string;

  /** 端口 */
  port?: number;

  /** 权重 */
  weight?: number;
}
",
  ],
  Array [
    "dist/src/api/cd/package/retry.ts",
    "import { http, HttpOptions } from \\"@next-core/brick-http\\";
import { ResponseBodyWrapper } from \\"../../../wrapper\\";

export interface PackageApi_RetryResponseBody {
  /** build id */
  id?: string;
}

/**
 * @description 重试
 * @endpoint POST /api/pipeline/v1/builds/:build_id/retry
 */
export const PackageApi_retry = async (
  build_id: string | number,
  options?: HttpOptions
): Promise<PackageApi_RetryResponseBody> =>
  /**! @contract easyops.api.cd.package.Retry */ (
    await http.post<ResponseBodyWrapper<PackageApi_RetryResponseBody>>(
      \`api/gateway/cd.package.Retry/api/pipeline/v1/builds/\${build_id}/retry\`,
      undefined,
      options
    )
  ).data;
",
  ],
  Array [
    "dist/src/api/cd/package/search.ts",
    "import { http, HttpOptions } from \\"@next-core/brick-http\\";
import { ModelPackage, ModelPackageExt } from \\"../../../model/cd\\";
import { ResponseListWrapper, ResponseBodyWrapper } from \\"../../../wrapper\\";

export interface PackageApi_SearchRequestParams {
  /** 包名称 */
  name: string;

  /** page number */
  page?: number;

  /** size of each page */
  pageSize?: number;

  /** the field need to sort */
  order?: string;
}

export type PackageApi_SearchResponseItem = ModelPackage &
  PackageApi_SearchResponseItem_2;

export type PackageApi_SearchResponseBody =
  ResponseListWrapper<PackageApi_SearchResponseItem>;

/**
 * @description 搜索包 (支持模糊搜索)
 * @endpoint LIST /packages/search
 */
export const PackageApi_search = async (
  params: PackageApi_SearchRequestParams,
  options?: HttpOptions
): Promise<PackageApi_SearchResponseBody> =>
  /**! @contract easyops.api.cd.package.Search */ (
    await http.get<ResponseBodyWrapper<PackageApi_SearchResponseBody>>(
      \\"api/gateway/cd.package.Search/packages/search\\",
      { ...options, params }
    )
  ).data;

export interface PackageApi_SearchResponseItem_2 {
  /** 最新版本信息 */
  lastVersionInfo: ModelPackageExt[\\"lastVersionInfo\\"];
}
",
  ],
  Array [
    "dist/src/api/cd/package/sendMessageWithAppendix.ts",
    "import { http, HttpOptions } from \\"@next-core/brick-http\\";
import { ModelSendMessageWithAppendixRequest } from \\"../../../model/msgsender\\";

export type PackageApi_SendMessageWithAppendixRequestBody =
  Partial<ModelSendMessageWithAppendixRequest> &
    ModelSendMessageWithAppendixRequest_partial;

export interface PackageApi_SendMessageWithAppendixResponseBody {
  /** some id */
  id?: string;
}

/**
 * @description 处理带附件的通知消息
 * @endpoint post /api/v1/message_sender/mail_with_appendix
 */
export const PackageApi_sendMessageWithAppendix = (
  data: PackageApi_SendMessageWithAppendixRequestBody,
  options?: HttpOptions
): Promise<PackageApi_SendMessageWithAppendixResponseBody> => {
  /**! @contract easyops.api.cd.package.SendMessageWithAppendix */ const _formData =
    new FormData();
  for (const [key, value] of Object.entries(data)) {
    if (Array.isArray(value)) {
      const k = \`\${key}[]\`;
      value.forEach((v) => {
        _formData.append(k, v);
      });
    } else {
      _formData.append(key, value);
    }
  }
  return http.post<PackageApi_SendMessageWithAppendixResponseBody>(
    \\"api/gateway/cd.package.SendMessageWithAppendix/api/v1/message_sender/mail_with_appendix\\",
    _formData,
    options
  );
};

export interface ModelSendMessageWithAppendixRequest_partial {
  /** 附件的二进制数据 */
  files: File;
}
",
  ],
  Array [
    "dist/src/api/cd/package/upload.ts",
    "import { http, HttpOptions } from \\"@next-core/brick-http\\";

/** params */
export interface PackageApi_UploadRequestParams {
  /** 版本 ID */
  versionId?: string;
}

/** others */
export interface PackageApi_UploadRequestBody {
  /** 文件 */
  sourceFile?: File[];

  /** 编码 */
  encoding?: string[];
}

/**
 * @description 上传包
 * @endpoint POST /packages/pkg/:packageId/upload
 */
export const PackageApi_upload = (
  packageId: string | number,
  params: PackageApi_UploadRequestParams,
  data: PackageApi_UploadRequestBody,
  options?: HttpOptions
): Promise<Blob> => {
  /**! @contract easyops.api.cd.package.Upload */ const _formData =
    new FormData();
  for (const [key, value] of Object.entries(data)) {
    if (Array.isArray(value)) {
      const k = \`\${key}[]\`;
      value.forEach((v) => {
        _formData.append(k, v);
      });
    } else {
      _formData.append(key, value);
    }
  }
  return http.post<Blob>(
    \`api/gateway/cd.package.Upload/packages/pkg/\${packageId}/upload\`,
    _formData,
    { ...options, params, responseType: \\"blob\\" }
  );
};
",
  ],
  Array [
    "dist/src/model/cd/ModelPackage.ts",
    "/** 包模型 */
export interface ModelPackage {
  /** 包Id */
  packageId: string;

  /** 包名称 */
  name: string;

  /** 版本类型 1 开发, 3 测试, 7 预发布, 15 生产 */
  type: 1 | 3 | 7 | 15;

  /** 包分类 */
  cId: 1;

  /** 包文件源 */
  source: string;

  /** 备注说明 */
  memo: string;

  /** 安装路径 */
  installPath: string;

  /** 平台 */
  platform: \\"linux\\" | \\"windows\\" | \\"others\\";

  /** 包分类标签 */
  category: string;

  /** 包图标 */
  icon: string;

  /** 包图标样式(颜色) */
  style: string;

  /** ctime */
  ctime: string;

  /** mtime */
  mtime: string;
}
",
  ],
  Array [
    "dist/src/model/cd/ModelVersion.ts",
    "/** 程序包版本 */
export interface ModelVersion {
  /** 版本名称 */
  name: string;

  /** 版本Id */
  versionId: string;

  /** 包Id */
  packageId: string;

  /** 版本类型 1 开发, 3 测试, 7 预发布, 15 生产 */
  env_type: 1 | 3 | 7 | 15;

  /** 创建时间 */
  ctime: string;

  /** 修改时间 */
  mtime: string;
}
",
  ],
  Array [
    "dist/src/model/cd/ModelPackageWithVersion.ts",
    "import { ModelVersion } from \\".\\";

/** 包带版本的模型 */
export interface ModelPackageWithVersion {
  /** 最新版本信息 */
  lastVersionInfo: Partial<ModelVersion>[];

  /** 描述 */
  desc: string;
}
",
  ],
  Array [
    "dist/src/model/cd/ModelPackageExt.ts",
    "/** 包模型 */
export interface ModelPackageExt {
  /** 最新版本信息 */
  lastVersionInfo: ModelPackageExt_lastVersionInfo;

  /** 包实例数量 */
  instanceCount: number;
}

export interface ModelPackageExt_lastVersionInfo {
  /** 创建时间 */
  ctime?: string;

  /** 版本类型 1 开发, 3 测试, 7 预发布, 15 生产 */
  env_type?: 1 | 3 | 7 | 15;

  /** 版本名称 */
  name?: string;

  /** 版本Id */
  versionId?: string;
}
",
  ],
  Array [
    "dist/src/model/msgsender/ModelSendMessageWithAppendixRequest.ts",
    "/** 发送带附件的通知的请求body */
export interface ModelSendMessageWithAppendixRequest {
  /** 附件的二进制数据 */
  files: File;
}
",
  ],
  Array [
    "dist/src/api/cd/package/index.ts",
    "export * from \\"./autoDiscovery\\";
export * from \\"./create\\";
export * from \\"./get\\";
export * from \\"./listNameService\\";
export * from \\"./retry\\";
export * from \\"./search\\";
export * from \\"./sendMessageWithAppendix\\";
export * from \\"./upload\\";
",
  ],
  Array [
    "dist/src/model/cd/index.ts",
    "export * from \\"./ModelPackage\\";
export * from \\"./ModelVersion\\";
export * from \\"./ModelPackageWithVersion\\";
export * from \\"./ModelPackageExt\\";
",
  ],
  Array [
    "dist/src/model/msgsender/index.ts",
    "export * from \\"./ModelSendMessageWithAppendixRequest\\";
",
  ],
  Array [
    "dist/src/index.ts",
    "export * from \\"./api/cd/package\\";
export * as CdModels from \\"./model/cd\\";
export * as MsgsenderModels from \\"./model/msgsender\\";
",
  ],
]
`;

exports[`loadService should work for api_gateway 1`] = `
Array [
  Array [
    "dist/src/api/api_gateway/auth/checkLogin.ts",
    "import { http, HttpOptions } from \\"@next-core/brick-http\\";
import { ResponseBodyWrapper } from \\"../../../wrapper\\";

export interface AuthApi_CheckLoginResponseBody {
  /** 是否已经登录 */
  loggedIn?: boolean;
}

/**
 * @description 判断用户是否登录
 * @endpoint GET /api/auth/login
 */
export const AuthApi_checkLogin = async (
  options?: HttpOptions
): Promise<AuthApi_CheckLoginResponseBody> =>
  /**! @contract easyops.api.api_gateway.auth.CheckLogin */ (
    await http.get<ResponseBodyWrapper<AuthApi_CheckLoginResponseBody>>(
      \\"api/auth/login\\",
      options
    )
  ).data;
",
  ],
  Array [
    "dist/src/api/api_gateway/auth/index.ts",
    "export * from \\"./checkLogin\\";
",
  ],
  Array [
    "dist/src/index.ts",
    "export * from \\"./api/api_gateway/auth\\";
",
  ],
]
`;
